// Jest Snapshot v1, https://goo.gl/fbAQLP

exports[`renders correctly 1`] = `
<form
  className="flex flex-col p-8 space-y-4"
>
  <label
    for="username"
  >
    BoardGameGeek username
  </label>
  <input
    className="p-4 border border-gray-500 rounded-md"
    id="username"
    type="text"
  >
    username
  </input>
  <button
    className="p-4 bg-yellow-300 rounded-md"
    type="submit"
  />
</form>
`;
